2026-06-05 10:33:49,309 [INFO] __main__: Analyzing coverage: 6276.S111-WAREHOUSE SLAB PLAN-Rev_F.dwg
2026-06-05 10:33:49,310 [INFO] src.converter: Using cached DXF: 6276.S111-WAREHOUSE SLAB PLAN-Rev_F.dxf
2026-06-05 10:33:49,863 [INFO] src.parser: Loaded DXF: 6276.S111-WAREHOUSE SLAB PLAN-Rev_F.dxf (version AC1021)
2026-06-05 10:33:49,865 [INFO] src.extractor: Extracted 0 entities from layers ['WALL', 'S-WALL', 'BEAM']
2026-06-05 10:33:49,866 [INFO] src.extractor: Extracted 1524 entities from layers ['S-FNDN-1', 'S-BEAM-2', 'A-WALL-1', 'A-DETL-2', 'A-DETL-3', 'A-FLOR', 'A-DETL-1', 'A-WALL']
2026-06-05 10:33:50,960 [WARNING] src.gap_handler: 37 unresolved free endpoints (gap > threshold)
2026-06-05 10:33:50,960 [INFO] src.gap_handler: Gaps closed: 34
2026-06-05 10:33:51,022 [INFO] src.detector: Polygonize produced 618 raw polygons
2026-06-05 10:34:05,405 [INFO] src.detection_coverage: Coverage 6276.S111-WAREHOUSE SLAB PLAN-Rev_F.dwg: detected=618 missed=26 at_risk=111 categories={'layer_selection_miss': 1, 'gap_blocked_closure': 17, 'bearing_mismatch_miss': 25, 'unknown_unresolved': 22, 'unsupported_entity_miss': 72}
2026-06-05 10:34:05,406 [INFO] __main__:   detected=618 missed=26 at_risk=111 open_after=37
2026-06-05 10:34:05,406 [INFO] __main__: Analyzing coverage: S111_A.dwg
2026-06-05 10:34:05,406 [INFO] src.converter: Using cached DXF: S111_A.dxf
2026-06-05 10:34:06,198 [INFO] src.parser: Loaded DXF: S111_A.dxf (version AC1021)
2026-06-05 10:34:06,199 [INFO] src.extractor: Extracted 0 entities from layers ['WALL', 'S-WALL', 'BEAM']
2026-06-05 10:34:06,200 [INFO] src.extractor: Extracted 1012 entities from layers ['S-FNDN-1', 'S-BEAM-1', 'A-WALL-2', 'S-BEAM-HDLN-1', 'S-FNDN-HDLN-1', 'A-DETL-1']
2026-06-05 10:34:06,750 [WARNING] src.gap_handler: 152 unresolved free endpoints (gap > threshold)
2026-06-05 10:34:06,751 [INFO] src.gap_handler: Gaps closed: 9
2026-06-05 10:34:06,789 [INFO] src.detector: Polygonize produced 384 raw polygons
2026-06-05 10:34:12,782 [INFO] src.detection_coverage: Coverage S111_A.dwg: detected=384 missed=7 at_risk=183 categories={'layer_selection_miss': 1, 'gap_blocked_closure': 70, 'bearing_mismatch_miss': 4, 'unknown_unresolved': 19, 'pairing_conflict_miss': 2, 'unsupported_entity_miss': 94}
2026-06-05 10:34:12,782 [INFO] __main__:   detected=384 missed=7 at_risk=183 open_after=152
2026-06-05 10:34:12,782 [INFO] __main__: Analyzing coverage: S111_J.dwg
2026-06-05 10:34:12,782 [INFO] src.converter: Using cached DXF: S111_J.dxf
2026-06-05 10:34:13,962 [INFO] src.parser: Loaded DXF: S111_J.dxf (version AC1021)
2026-06-05 10:34:13,964 [INFO] src.extractor: Extracted 0 entities from layers ['WALL', 'S-WALL', 'BEAM']
2026-06-05 10:34:13,965 [INFO] src.extractor: Extracted 1486 entities from layers ['A-DETL-THIN', 'S-FNDN-1', 'A-DETL', 'S-BEAM-1', 'A-WALL-3', 'A-DETL-3', 'A-DETL-2', 'A-DETL-1', 'A-FLOR', 'A-DETL-5', 'S-BEAM-HDLN-1']
2026-06-05 10:34:15,156 [WARNING] src.gap_handler: 98 unresolved free endpoints (gap > threshold)
2026-06-05 10:34:15,156 [INFO] src.gap_handler: Gaps closed: 86
2026-06-05 10:34:15,216 [INFO] src.detector: Polygonize produced 382 raw polygons
2026-06-05 10:34:23,779 [INFO] src.detection_coverage: Coverage S111_J.dwg: detected=382 missed=70 at_risk=264 categories={'layer_selection_miss': 1, 'bearing_mismatch_miss': 44, 'gap_blocked_closure': 60, 'pairing_conflict_miss': 25, 'unknown_unresolved': 13, 'unsupported_entity_miss': 191}
2026-06-05 10:34:23,780 [INFO] __main__:   detected=382 missed=70 at_risk=264 open_after=98
