2026-06-06 00:43:35,942 [INFO] src.converter: Using cached DXF: 6276.S111-WAREHOUSE SLAB PLAN-Rev_F.dxf
2026-06-06 00:43:36,430 [INFO] src.parser: Loaded DXF: 6276.S111-WAREHOUSE SLAB PLAN-Rev_F.dxf (version AC1021)
2026-06-06 00:43:36,432 [INFO] src.extractor: Extracted 0 entities from layers ['WALL', 'S-WALL', 'BEAM']
2026-06-06 00:43:36,433 [INFO] src.extractor: Extracted 1524 entities from layers ['S-FNDN-1', 'S-BEAM-2', 'A-WALL-1', 'A-DETL-2', 'A-DETL-3', 'A-FLOR', 'A-DETL-1', 'A-WALL']
2026-06-06 00:43:37,572 [WARNING] src.gap_handler: 35 unresolved free endpoints (gap > threshold)
2026-06-06 00:43:37,572 [INFO] src.gap_handler: Gaps closed: 35
2026-06-06 00:43:37,573 [INFO] src.gap_handler: Iterative gap close pass 1: closed=35
2026-06-06 00:43:37,649 [WARNING] src.gap_handler: 9 unresolved free endpoints (gap > threshold)
2026-06-06 00:43:37,649 [INFO] src.gap_handler: Gaps closed: 0
2026-06-06 00:43:37,650 [INFO] src.gap_handler: Iterative gap close pass 2: closed=0
2026-06-06 00:43:37,650 [INFO] src.gap_handler: Iterative gap close total: 35 bridges
2026-06-06 00:43:37,738 [INFO] src.detector: Polygonize produced 618 raw polygons
2026-06-06 00:43:54,099 [INFO] src.detection_coverage: Coverage 6276.S111-WAREHOUSE SLAB PLAN-Rev_F.dwg: detected=618 missed=26 at_risk=111 categories={'layer_selection_miss': 1, 'gap_blocked_closure': 17, 'bearing_mismatch_miss': 25, 'unknown_unresolved': 22, 'unsupported_entity_miss': 72}
2026-06-06 00:43:54,104 [INFO] src.extractor: Extracted 0 entities from layers ['WALL', 'S-WALL', 'BEAM']
2026-06-06 00:43:54,105 [INFO] src.extractor: Extracted 1524 entities from layers ['S-FNDN-1', 'S-BEAM-2', 'A-WALL-1', 'A-DETL-2', 'A-DETL-3', 'A-FLOR', 'A-DETL-1', 'A-WALL']
2026-06-06 00:43:54,652 [WARNING] src.gap_handler: 35 unresolved free endpoints (gap > threshold)
2026-06-06 00:43:54,653 [INFO] src.gap_handler: Gaps closed: 35
2026-06-06 00:43:54,653 [INFO] src.gap_handler: Iterative gap close pass 1: closed=35
2026-06-06 00:43:54,731 [WARNING] src.gap_handler: 9 unresolved free endpoints (gap > threshold)
2026-06-06 00:43:54,731 [INFO] src.gap_handler: Gaps closed: 0
2026-06-06 00:43:54,732 [INFO] src.gap_handler: Iterative gap close pass 2: closed=0
2026-06-06 00:43:54,732 [INFO] src.gap_handler: Iterative gap close total: 35 bridges
2026-06-06 00:43:54,783 [INFO] src.detector: Polygonize produced 618 raw polygons
2026-06-06 00:43:55,754 [INFO] src.detector: Detected 618 regions after filtering
2026-06-06 00:43:55,759 [INFO] src.detector: Polygonize produced 26 raw polygons
2026-06-06 00:43:55,766 [INFO] src.seed_resolver: Seed wh-pour-break-745 (S-FNDN-1 pour-break 745 mm (gap-miss-0020) — already auto-detected; reference seed): status=duplicate_of_auto — IoU 1.000 with auto region #242 (threshold 0.9)
2026-06-06 00:43:55,768 [INFO] src.detector: Polygonize produced 6 raw polygons
2026-06-06 00:43:55,773 [WARNING] src.gap_handler: 2 unresolved free endpoints (gap > threshold)
2026-06-06 00:43:55,773 [INFO] src.gap_handler: Gaps closed: 6
2026-06-06 00:43:55,774 [INFO] src.seed_resolver: Local gap repair near (210665.3, 177285.1): 6 bridge(s), tier2=1000 mm
2026-06-06 00:43:55,775 [INFO] src.detector: Polygonize produced 6 raw polygons
2026-06-06 00:43:55,776 [INFO] src.seed_resolver: Seed wh-grid-150mm-east (S-FNDN-1|S-BEAM-2 150 mm colinear — partial local repair (6 bridges)): status=no_boundary — No closed face contains seed (210665.300, 177285.100) within search_radius=5000.0 (local repair bridged 6 gap(s))
2026-06-06 00:43:55,777 [INFO] __main__: 6276.S111-WAREHOUSE SLAB PLAN-Rev_F.dwg: auto=618 seed_recovered=0 total=618
2026-06-06 00:43:55,778 [INFO] src.converter: Using cached DXF: S111_A.dxf
2026-06-06 00:43:56,624 [INFO] src.parser: Loaded DXF: S111_A.dxf (version AC1021)
2026-06-06 00:43:56,625 [INFO] src.extractor: Extracted 0 entities from layers ['WALL', 'S-WALL', 'BEAM']
2026-06-06 00:43:56,626 [INFO] src.extractor: Extracted 1012 entities from layers ['S-FNDN-1', 'S-BEAM-1', 'A-WALL-2', 'S-BEAM-HDLN-1', 'S-FNDN-HDLN-1', 'A-DETL-1']
2026-06-06 00:43:57,344 [WARNING] src.gap_handler: 134 unresolved free endpoints (gap > threshold)
2026-06-06 00:43:57,344 [INFO] src.gap_handler: Gaps closed: 18
2026-06-06 00:43:57,344 [INFO] src.gap_handler: Iterative gap close pass 1: closed=18
2026-06-06 00:43:57,390 [WARNING] src.gap_handler: 1 unresolved free endpoints (gap > threshold)
2026-06-06 00:43:57,390 [INFO] src.gap_handler: Gaps closed: 0
2026-06-06 00:43:57,391 [INFO] src.gap_handler: Iterative gap close pass 2: closed=0
2026-06-06 00:43:57,391 [INFO] src.gap_handler: Iterative gap close total: 18 bridges
2026-06-06 00:43:57,441 [INFO] src.detector: Polygonize produced 387 raw polygons
2026-06-06 00:44:04,273 [INFO] src.detection_coverage: Coverage S111_A.dwg: detected=387 missed=7 at_risk=183 categories={'layer_selection_miss': 1, 'gap_blocked_closure': 70, 'bearing_mismatch_miss': 4, 'unknown_unresolved': 19, 'pairing_conflict_miss': 2, 'unsupported_entity_miss': 94}
2026-06-06 00:44:04,277 [INFO] __main__: S111_A.dwg: auto=387 seed_recovered=0 total=387
2026-06-06 00:44:04,277 [INFO] src.converter: Using cached DXF: S111_J.dxf
2026-06-06 00:44:05,534 [INFO] src.parser: Loaded DXF: S111_J.dxf (version AC1021)
2026-06-06 00:44:05,536 [INFO] src.extractor: Extracted 0 entities from layers ['WALL', 'S-WALL', 'BEAM']
2026-06-06 00:44:05,537 [INFO] src.extractor: Extracted 1486 entities from layers ['A-DETL-THIN', 'S-FNDN-1', 'A-DETL', 'S-BEAM-1', 'A-WALL-3', 'A-DETL-3', 'A-DETL-2', 'A-DETL-1', 'A-FLOR', 'A-DETL-5', 'S-BEAM-HDLN-1']
2026-06-06 00:44:07,049 [WARNING] src.gap_handler: 76 unresolved free endpoints (gap > threshold)
2026-06-06 00:44:07,049 [INFO] src.gap_handler: Gaps closed: 97
2026-06-06 00:44:07,049 [INFO] src.gap_handler: Iterative gap close pass 1: closed=97
2026-06-06 00:44:07,124 [WARNING] src.gap_handler: 13 unresolved free endpoints (gap > threshold)
2026-06-06 00:44:07,125 [INFO] src.gap_handler: Gaps closed: 7
2026-06-06 00:44:07,125 [INFO] src.gap_handler: Iterative gap close pass 2: closed=7
2026-06-06 00:44:07,196 [WARNING] src.gap_handler: 13 unresolved free endpoints (gap > threshold)
2026-06-06 00:44:07,197 [INFO] src.gap_handler: Gaps closed: 0
2026-06-06 00:44:07,197 [INFO] src.gap_handler: Iterative gap close pass 3: closed=0
2026-06-06 00:44:07,197 [INFO] src.gap_handler: Iterative gap close total: 104 bridges
2026-06-06 00:44:07,269 [INFO] src.detector: Polygonize produced 406 raw polygons
2026-06-06 00:44:17,665 [INFO] src.detection_coverage: Coverage S111_J.dwg: detected=406 missed=70 at_risk=264 categories={'layer_selection_miss': 1, 'bearing_mismatch_miss': 44, 'gap_blocked_closure': 60, 'pairing_conflict_miss': 25, 'unknown_unresolved': 13, 'unsupported_entity_miss': 191}
2026-06-06 00:44:17,670 [INFO] src.extractor: Extracted 0 entities from layers ['WALL', 'S-WALL', 'BEAM']
2026-06-06 00:44:17,671 [INFO] src.extractor: Extracted 1486 entities from layers ['A-DETL-THIN', 'S-FNDN-1', 'A-DETL', 'S-BEAM-1', 'A-WALL-3', 'A-DETL-3', 'A-DETL-2', 'A-DETL-1', 'A-FLOR', 'A-DETL-5', 'S-BEAM-HDLN-1']
2026-06-06 00:44:18,525 [WARNING] src.gap_handler: 76 unresolved free endpoints (gap > threshold)
2026-06-06 00:44:18,526 [INFO] src.gap_handler: Gaps closed: 97
2026-06-06 00:44:18,526 [INFO] src.gap_handler: Iterative gap close pass 1: closed=97
2026-06-06 00:44:18,599 [WARNING] src.gap_handler: 13 unresolved free endpoints (gap > threshold)
2026-06-06 00:44:18,599 [INFO] src.gap_handler: Gaps closed: 7
2026-06-06 00:44:18,599 [INFO] src.gap_handler: Iterative gap close pass 2: closed=7
2026-06-06 00:44:18,668 [WARNING] src.gap_handler: 13 unresolved free endpoints (gap > threshold)
2026-06-06 00:44:18,668 [INFO] src.gap_handler: Gaps closed: 0
2026-06-06 00:44:18,669 [INFO] src.gap_handler: Iterative gap close pass 3: closed=0
2026-06-06 00:44:18,669 [INFO] src.gap_handler: Iterative gap close total: 104 bridges
2026-06-06 00:44:18,710 [INFO] src.detector: Polygonize produced 406 raw polygons
2026-06-06 00:44:19,173 [INFO] src.detector: Detected 406 regions after filtering
2026-06-06 00:44:19,176 [INFO] src.detector: Polygonize produced 3 raw polygons
2026-06-06 00:44:19,179 [WARNING] src.gap_handler: 4 unresolved free endpoints (gap > threshold)
2026-06-06 00:44:19,179 [INFO] src.gap_handler: Gaps closed: 3
2026-06-06 00:44:19,179 [INFO] src.seed_resolver: Local gap repair near (116395.9, 162925.1): 3 bridge(s), tier2=1000 mm
2026-06-06 00:44:19,180 [INFO] src.detector: Polygonize produced 5 raw polygons
2026-06-06 00:44:19,188 [INFO] src.seed_resolver: Seed j-wall-fndn-900 (A-WALL-3|S-FNDN-1 900 mm — local repair recovers +1 block): status=ok — Local repair + smallest containing face area=3.2862 m² (3 local bridge(s))
2026-06-06 00:44:19,190 [INFO] src.detector: Polygonize produced 2 raw polygons
2026-06-06 00:44:19,193 [WARNING] src.gap_handler: 3 unresolved free endpoints (gap > threshold)
2026-06-06 00:44:19,193 [INFO] src.gap_handler: Gaps closed: 4
2026-06-06 00:44:19,193 [INFO] src.seed_resolver: Local gap repair near (72470.9, 162850.1): 4 bridge(s), tier2=1000 mm
2026-06-06 00:44:19,194 [INFO] src.detector: Polygonize produced 3 raw polygons
2026-06-06 00:44:19,195 [INFO] src.seed_resolver: Seed j-orphan-fndn-a (S-FNDN-1 orphan cluster (partial repair 4 bridges)): status=no_boundary — No closed face contains seed (72470.950, 162850.100) within search_radius=5000.0 (local repair bridged 4 gap(s))
2026-06-06 00:44:19,196 [INFO] src.detector: Polygonize produced 3 raw polygons
2026-06-06 00:44:19,199 [WARNING] src.gap_handler: 4 unresolved free endpoints (gap > threshold)
2026-06-06 00:44:19,199 [INFO] src.gap_handler: Gaps closed: 3
2026-06-06 00:44:19,200 [INFO] src.seed_resolver: Local gap repair near (118120.9, 163150.1): 3 bridge(s), tier2=1000 mm
2026-06-06 00:44:19,201 [INFO] src.detector: Polygonize produced 5 raw polygons
2026-06-06 00:44:19,201 [INFO] src.seed_resolver: Seed j-orphan-fndn-b (S-FNDN-1 orphan cluster (partial repair 3 bridges)): status=no_boundary — No closed face contains seed (118120.950, 163150.100) within search_radius=5000.0 (local repair bridged 3 gap(s))
2026-06-06 00:44:19,204 [INFO] src.detector: Polygonize produced 0 raw polygons
2026-06-06 00:44:19,206 [WARNING] src.gap_handler: 2 unresolved free endpoints (gap > threshold)
2026-06-06 00:44:19,206 [INFO] src.gap_handler: Gaps closed: 4
2026-06-06 00:44:19,206 [INFO] src.seed_resolver: Local gap repair near (49508.3, 162999.1): 4 bridge(s), tier2=1000 mm
2026-06-06 00:44:19,207 [INFO] src.detector: Polygonize produced 1 raw polygons
2026-06-06 00:44:19,207 [INFO] src.seed_resolver: Seed j-grid-conflict-912 (S-FNDN-1 912 mm above-threshold (partial repair 4 bridges)): status=no_boundary — No closed face contains seed (49508.280, 162999.080) within search_radius=5000.0 (local repair bridged 4 gap(s))
2026-06-06 00:44:19,662 [INFO] __main__: S111_J.dwg: auto=406 seed_recovered=1 total=407
