2026-06-05 23:46:51,681 [INFO] __main__: Analyzing coverage: 6276.S111-WAREHOUSE SLAB PLAN-Rev_F.dwg
2026-06-05 23:46:51,681 [INFO] src.converter: Using cached DXF: 6276.S111-WAREHOUSE SLAB PLAN-Rev_F.dxf
2026-06-05 23:46:52,220 [INFO] src.parser: Loaded DXF: 6276.S111-WAREHOUSE SLAB PLAN-Rev_F.dxf (version AC1021)
2026-06-05 23:46:52,222 [INFO] src.extractor: Extracted 0 entities from layers ['WALL', 'S-WALL', 'BEAM']
2026-06-05 23:46:52,222 [INFO] src.extractor: Extracted 1524 entities from layers ['S-FNDN-1', 'S-BEAM-2', 'A-WALL-1', 'A-DETL-2', 'A-DETL-3', 'A-FLOR', 'A-DETL-1', 'A-WALL']
2026-06-05 23:46:53,461 [WARNING] src.gap_handler: 37 unresolved free endpoints (gap > threshold)
2026-06-05 23:46:53,461 [INFO] src.gap_handler: Gaps closed: 34
2026-06-05 23:46:53,461 [INFO] src.gap_handler: Iterative gap close pass 1: closed=34
2026-06-05 23:46:53,542 [WARNING] src.gap_handler: 9 unresolved free endpoints (gap > threshold)
2026-06-05 23:46:53,542 [INFO] src.gap_handler: Gaps closed: 0
2026-06-05 23:46:53,542 [INFO] src.gap_handler: Iterative gap close pass 2: closed=0
2026-06-05 23:46:53,543 [INFO] src.gap_handler: Iterative gap close total: 34 bridges
2026-06-05 23:46:53,636 [INFO] src.detector: Polygonize produced 618 raw polygons
2026-06-05 23:47:10,625 [INFO] src.detection_coverage: Coverage 6276.S111-WAREHOUSE SLAB PLAN-Rev_F.dwg: detected=618 missed=26 at_risk=111 categories={'layer_selection_miss': 1, 'gap_blocked_closure': 17, 'bearing_mismatch_miss': 25, 'unknown_unresolved': 22, 'unsupported_entity_miss': 72}
2026-06-05 23:47:10,626 [INFO] __main__:   detected=618 missed=26 at_risk=111 open_after=9
2026-06-05 23:47:10,627 [INFO] __main__: Analyzing coverage: S111_A.dwg
2026-06-05 23:47:10,627 [INFO] src.converter: Using cached DXF: S111_A.dxf
2026-06-05 23:47:11,506 [INFO] src.parser: Loaded DXF: S111_A.dxf (version AC1021)
2026-06-05 23:47:11,508 [INFO] src.extractor: Extracted 0 entities from layers ['WALL', 'S-WALL', 'BEAM']
2026-06-05 23:47:11,508 [INFO] src.extractor: Extracted 1012 entities from layers ['S-FNDN-1', 'S-BEAM-1', 'A-WALL-2', 'S-BEAM-HDLN-1', 'S-FNDN-HDLN-1', 'A-DETL-1']
2026-06-05 23:47:12,128 [WARNING] src.gap_handler: 152 unresolved free endpoints (gap > threshold)
2026-06-05 23:47:12,128 [INFO] src.gap_handler: Gaps closed: 9
2026-06-05 23:47:12,129 [INFO] src.gap_handler: Iterative gap close pass 1: closed=9
2026-06-05 23:47:12,177 [WARNING] src.gap_handler: 1 unresolved free endpoints (gap > threshold)
2026-06-05 23:47:12,177 [INFO] src.gap_handler: Gaps closed: 0
2026-06-05 23:47:12,177 [INFO] src.gap_handler: Iterative gap close pass 2: closed=0
2026-06-05 23:47:12,178 [INFO] src.gap_handler: Iterative gap close total: 9 bridges
2026-06-05 23:47:12,230 [INFO] src.detector: Polygonize produced 384 raw polygons
2026-06-05 23:47:19,323 [INFO] src.detection_coverage: Coverage S111_A.dwg: detected=384 missed=7 at_risk=183 categories={'layer_selection_miss': 1, 'gap_blocked_closure': 70, 'bearing_mismatch_miss': 4, 'unknown_unresolved': 19, 'pairing_conflict_miss': 2, 'unsupported_entity_miss': 94}
2026-06-05 23:47:19,325 [INFO] __main__:   detected=384 missed=7 at_risk=183 open_after=1
2026-06-05 23:47:19,325 [INFO] __main__: Analyzing coverage: S111_J.dwg
2026-06-05 23:47:19,325 [INFO] src.converter: Using cached DXF: S111_J.dxf
2026-06-05 23:47:20,627 [INFO] src.parser: Loaded DXF: S111_J.dxf (version AC1021)
2026-06-05 23:47:20,629 [INFO] src.extractor: Extracted 0 entities from layers ['WALL', 'S-WALL', 'BEAM']
2026-06-05 23:47:20,630 [INFO] src.extractor: Extracted 1486 entities from layers ['A-DETL-THIN', 'S-FNDN-1', 'A-DETL', 'S-BEAM-1', 'A-WALL-3', 'A-DETL-3', 'A-DETL-2', 'A-DETL-1', 'A-FLOR', 'A-DETL-5', 'S-BEAM-HDLN-1']
2026-06-05 23:47:21,998 [WARNING] src.gap_handler: 98 unresolved free endpoints (gap > threshold)
2026-06-05 23:47:21,998 [INFO] src.gap_handler: Gaps closed: 86
2026-06-05 23:47:21,999 [INFO] src.gap_handler: Iterative gap close pass 1: closed=86
2026-06-05 23:47:22,075 [WARNING] src.gap_handler: 13 unresolved free endpoints (gap > threshold)
2026-06-05 23:47:22,075 [INFO] src.gap_handler: Gaps closed: 7
2026-06-05 23:47:22,076 [INFO] src.gap_handler: Iterative gap close pass 2: closed=7
2026-06-05 23:47:22,152 [WARNING] src.gap_handler: 13 unresolved free endpoints (gap > threshold)
2026-06-05 23:47:22,152 [INFO] src.gap_handler: Gaps closed: 0
2026-06-05 23:47:22,153 [INFO] src.gap_handler: Iterative gap close pass 3: closed=0
2026-06-05 23:47:22,153 [INFO] src.gap_handler: Iterative gap close total: 93 bridges
2026-06-05 23:47:22,231 [INFO] src.detector: Polygonize produced 399 raw polygons
2026-06-05 23:47:32,349 [INFO] src.detection_coverage: Coverage S111_J.dwg: detected=399 missed=70 at_risk=264 categories={'layer_selection_miss': 1, 'bearing_mismatch_miss': 44, 'gap_blocked_closure': 60, 'pairing_conflict_miss': 25, 'unknown_unresolved': 13, 'unsupported_entity_miss': 191}
2026-06-05 23:47:32,350 [INFO] __main__:   detected=399 missed=70 at_risk=264 open_after=13
