2026-06-05 10:31:24,932 [INFO] __main__: Analyzing coverage: 6276.S111-WAREHOUSE SLAB PLAN-Rev_F.dwg
2026-06-05 10:31:24,933 [INFO] src.converter: Using cached DXF: 6276.S111-WAREHOUSE SLAB PLAN-Rev_F.dxf
2026-06-05 10:31:25,477 [INFO] src.parser: Loaded DXF: 6276.S111-WAREHOUSE SLAB PLAN-Rev_F.dxf (version AC1021)
2026-06-05 10:31:25,479 [INFO] src.extractor: Extracted 0 entities from layers ['WALL', 'S-WALL', 'BEAM']
2026-06-05 10:31:25,480 [INFO] src.extractor: Extracted 1524 entities from layers ['S-FNDN-1', 'S-BEAM-2', 'A-WALL-1', 'A-DETL-2', 'A-DETL-3', 'A-FLOR', 'A-DETL-1', 'A-WALL']
2026-06-05 10:31:26,484 [WARNING] src.gap_handler: 37 unresolved free endpoints (gap > threshold)
2026-06-05 10:31:26,485 [INFO] src.gap_handler: Gaps closed: 34
2026-06-05 10:31:26,550 [INFO] src.detector: Polygonize produced 618 raw polygons
2026-06-05 10:31:41,016 [INFO] src.detection_coverage: Coverage 6276.S111-WAREHOUSE SLAB PLAN-Rev_F.dwg: detected=618 missed=32 at_risk=109 categories={'layer_selection_miss': 1, 'bearing_mismatch_miss': 30, 'pairing_conflict_miss': 1, 'gap_blocked_closure': 11, 'unknown_unresolved': 22, 'unsupported_entity_miss': 76}
2026-06-05 10:31:41,017 [INFO] __main__:   detected=618 missed=32 at_risk=109 open_after=37
2026-06-05 10:31:41,017 [INFO] __main__: Analyzing coverage: S111_A.dwg
2026-06-05 10:31:41,017 [INFO] src.converter: Using cached DXF: S111_A.dxf
2026-06-05 10:31:41,818 [INFO] src.parser: Loaded DXF: S111_A.dxf (version AC1021)
2026-06-05 10:31:41,819 [INFO] src.extractor: Extracted 0 entities from layers ['WALL', 'S-WALL', 'BEAM']
2026-06-05 10:31:41,819 [INFO] src.extractor: Extracted 1012 entities from layers ['S-FNDN-1', 'S-BEAM-1', 'A-WALL-2', 'S-BEAM-HDLN-1', 'S-FNDN-HDLN-1', 'A-DETL-1']
2026-06-05 10:31:42,338 [WARNING] src.gap_handler: 152 unresolved free endpoints (gap > threshold)
2026-06-05 10:31:42,338 [INFO] src.gap_handler: Gaps closed: 9
2026-06-05 10:31:42,379 [INFO] src.detector: Polygonize produced 384 raw polygons
2026-06-05 10:31:48,483 [INFO] src.detection_coverage: Coverage S111_A.dwg: detected=384 missed=61 at_risk=133 categories={'layer_selection_miss': 1, 'bearing_mismatch_miss': 60, 'gap_blocked_closure': 20, 'unknown_unresolved': 11, 'unsupported_entity_miss': 102}
2026-06-05 10:31:48,484 [INFO] __main__:   detected=384 missed=61 at_risk=133 open_after=152
2026-06-05 10:31:48,484 [INFO] __main__: Analyzing coverage: S111_J.dwg
2026-06-05 10:31:48,484 [INFO] src.converter: Using cached DXF: S111_J.dxf
2026-06-05 10:31:49,603 [INFO] src.parser: Loaded DXF: S111_J.dxf (version AC1021)
2026-06-05 10:31:49,605 [INFO] src.extractor: Extracted 0 entities from layers ['WALL', 'S-WALL', 'BEAM']
2026-06-05 10:31:49,606 [INFO] src.extractor: Extracted 1486 entities from layers ['A-DETL-THIN', 'S-FNDN-1', 'A-DETL', 'S-BEAM-1', 'A-WALL-3', 'A-DETL-3', 'A-DETL-2', 'A-DETL-1', 'A-FLOR', 'A-DETL-5', 'S-BEAM-HDLN-1']
2026-06-05 10:31:50,761 [WARNING] src.gap_handler: 98 unresolved free endpoints (gap > threshold)
2026-06-05 10:31:50,761 [INFO] src.gap_handler: Gaps closed: 86
2026-06-05 10:31:50,819 [INFO] src.detector: Polygonize produced 382 raw polygons
2026-06-05 10:31:59,445 [INFO] src.detection_coverage: Coverage S111_J.dwg: detected=382 missed=104 at_risk=245 categories={'layer_selection_miss': 1, 'bearing_mismatch_miss': 79, 'gap_blocked_closure': 29, 'pairing_conflict_miss': 24, 'unknown_unresolved': 7, 'unsupported_entity_miss': 209}
2026-06-05 10:31:59,446 [INFO] __main__:   detected=382 missed=104 at_risk=245 open_after=98
