2026-06-05 09:44:45,844 [INFO] __main__: Analyzing coverage: 6276.S111-WAREHOUSE SLAB PLAN-Rev_F.dwg
2026-06-05 09:44:45,846 [INFO] src.converter: Using cached DXF: 6276.S111-WAREHOUSE SLAB PLAN-Rev_F.dxf
2026-06-05 09:44:46,377 [INFO] src.parser: Loaded DXF: 6276.S111-WAREHOUSE SLAB PLAN-Rev_F.dxf (version AC1021)
2026-06-05 09:44:46,379 [INFO] src.extractor: Extracted 0 entities from layers ['WALL', 'S-WALL', 'BEAM']
2026-06-05 09:44:46,380 [INFO] src.extractor: Extracted 1524 entities from layers ['S-FNDN-1', 'S-BEAM-2', 'A-WALL-1', 'A-DETL-2', 'A-DETL-3', 'A-FLOR', 'A-DETL-1', 'A-WALL']
2026-06-05 09:44:47,522 [WARNING] src.gap_handler: 31 unresolved free endpoints (gap > threshold)
2026-06-05 09:44:47,522 [INFO] src.gap_handler: Gaps closed: 37
2026-06-05 09:44:47,605 [INFO] src.detector: Polygonize produced 618 raw polygons
2026-06-05 09:45:07,781 [INFO] src.detection_coverage: Coverage 6276.S111-WAREHOUSE SLAB PLAN-Rev_F.dwg: detected=618 missed=32 at_risk=109 categories={'layer_selection_miss': 1, 'bearing_mismatch_miss': 30, 'pairing_conflict_miss': 1, 'gap_blocked_closure': 11, 'unknown_unresolved': 22, 'unsupported_entity_miss': 76}
2026-06-05 09:45:07,783 [INFO] __main__:   detected=618 missed=32 at_risk=109 open_after=31
2026-06-05 09:45:07,783 [INFO] __main__: Analyzing coverage: S111_A.dwg
2026-06-05 09:45:07,784 [INFO] src.converter: Using cached DXF: S111_A.dxf
2026-06-05 09:45:08,861 [INFO] src.parser: Loaded DXF: S111_A.dxf (version AC1021)
2026-06-05 09:45:08,863 [INFO] src.extractor: Extracted 0 entities from layers ['WALL', 'S-WALL', 'BEAM']
2026-06-05 09:45:08,864 [INFO] src.extractor: Extracted 1012 entities from layers ['S-FNDN-1', 'S-BEAM-1', 'A-WALL-2', 'S-BEAM-HDLN-1', 'S-FNDN-HDLN-1', 'A-DETL-1']
2026-06-05 09:45:09,537 [WARNING] src.gap_handler: 20 unresolved free endpoints (gap > threshold)
2026-06-05 09:45:09,537 [INFO] src.gap_handler: Gaps closed: 75
2026-06-05 09:45:09,609 [INFO] src.detector: Polygonize produced 397 raw polygons
2026-06-05 09:45:19,045 [INFO] src.detection_coverage: Coverage S111_A.dwg: detected=397 missed=61 at_risk=133 categories={'layer_selection_miss': 1, 'bearing_mismatch_miss': 60, 'gap_blocked_closure': 20, 'unknown_unresolved': 11, 'unsupported_entity_miss': 102}
2026-06-05 09:45:19,046 [INFO] __main__:   detected=397 missed=61 at_risk=133 open_after=20
2026-06-05 09:45:19,046 [INFO] __main__: Analyzing coverage: S111_J.dwg
2026-06-05 09:45:19,046 [INFO] src.converter: Using cached DXF: S111_J.dxf
2026-06-05 09:45:20,580 [INFO] src.parser: Loaded DXF: S111_J.dxf (version AC1021)
2026-06-05 09:45:20,584 [INFO] src.extractor: Extracted 0 entities from layers ['WALL', 'S-WALL', 'BEAM']
2026-06-05 09:45:20,585 [INFO] src.extractor: Extracted 1486 entities from layers ['A-DETL-THIN', 'S-FNDN-1', 'A-DETL', 'S-BEAM-1', 'A-WALL-3', 'A-DETL-3', 'A-DETL-2', 'A-DETL-1', 'A-FLOR', 'A-DETL-5', 'S-BEAM-HDLN-1']
2026-06-05 09:45:22,105 [WARNING] src.gap_handler: 50 unresolved free endpoints (gap > threshold)
2026-06-05 09:45:22,105 [INFO] src.gap_handler: Gaps closed: 110
2026-06-05 09:45:22,189 [INFO] src.detector: Polygonize produced 331 raw polygons
2026-06-05 09:45:32,424 [INFO] src.detection_coverage: Coverage S111_J.dwg: detected=331 missed=104 at_risk=245 categories={'layer_selection_miss': 1, 'bearing_mismatch_miss': 79, 'gap_blocked_closure': 29, 'pairing_conflict_miss': 24, 'unknown_unresolved': 7, 'unsupported_entity_miss': 209}
2026-06-05 09:45:32,425 [INFO] __main__:   detected=331 missed=104 at_risk=245 open_after=50
