2026-06-06 00:26:44,915 [INFO] src.converter: Using cached DXF: 6276.S111-WAREHOUSE SLAB PLAN-Rev_F.dxf
2026-06-06 00:26:45,450 [INFO] src.parser: Loaded DXF: 6276.S111-WAREHOUSE SLAB PLAN-Rev_F.dxf (version AC1021)
2026-06-06 00:26:45,452 [INFO] src.extractor: Extracted 0 entities from layers ['WALL', 'S-WALL', 'BEAM']
2026-06-06 00:26:45,454 [INFO] src.extractor: Extracted 1524 entities from layers ['S-FNDN-1', 'S-BEAM-2', 'A-WALL-1', 'A-DETL-2', 'A-DETL-3', 'A-FLOR', 'A-DETL-1', 'A-WALL']
2026-06-06 00:26:46,708 [WARNING] src.gap_handler: 35 unresolved free endpoints (gap > threshold)
2026-06-06 00:26:46,709 [INFO] src.gap_handler: Gaps closed: 35
2026-06-06 00:26:46,709 [INFO] src.gap_handler: Iterative gap close pass 1: closed=35
2026-06-06 00:26:46,797 [WARNING] src.gap_handler: 9 unresolved free endpoints (gap > threshold)
2026-06-06 00:26:46,797 [INFO] src.gap_handler: Gaps closed: 0
2026-06-06 00:26:46,798 [INFO] src.gap_handler: Iterative gap close pass 2: closed=0
2026-06-06 00:26:46,798 [INFO] src.gap_handler: Iterative gap close total: 35 bridges
2026-06-06 00:26:46,887 [INFO] src.detector: Polygonize produced 618 raw polygons
2026-06-06 00:27:03,816 [INFO] src.detection_coverage: Coverage 6276.S111-WAREHOUSE SLAB PLAN-Rev_F.dwg: detected=618 missed=26 at_risk=111 categories={'layer_selection_miss': 1, 'gap_blocked_closure': 17, 'bearing_mismatch_miss': 25, 'unknown_unresolved': 22, 'unsupported_entity_miss': 72}
2026-06-06 00:27:03,821 [INFO] src.extractor: Extracted 0 entities from layers ['WALL', 'S-WALL', 'BEAM']
2026-06-06 00:27:03,822 [INFO] src.extractor: Extracted 1524 entities from layers ['S-FNDN-1', 'S-BEAM-2', 'A-WALL-1', 'A-DETL-2', 'A-DETL-3', 'A-FLOR', 'A-DETL-1', 'A-WALL']
2026-06-06 00:27:04,404 [WARNING] src.gap_handler: 35 unresolved free endpoints (gap > threshold)
2026-06-06 00:27:04,405 [INFO] src.gap_handler: Gaps closed: 35
2026-06-06 00:27:04,405 [INFO] src.gap_handler: Iterative gap close pass 1: closed=35
2026-06-06 00:27:04,489 [WARNING] src.gap_handler: 9 unresolved free endpoints (gap > threshold)
2026-06-06 00:27:04,490 [INFO] src.gap_handler: Gaps closed: 0
2026-06-06 00:27:04,490 [INFO] src.gap_handler: Iterative gap close pass 2: closed=0
2026-06-06 00:27:04,490 [INFO] src.gap_handler: Iterative gap close total: 35 bridges
2026-06-06 00:27:04,541 [INFO] src.detector: Polygonize produced 618 raw polygons
2026-06-06 00:27:05,561 [INFO] src.detector: Detected 618 regions after filtering
2026-06-06 00:27:05,628 [INFO] src.detector: Polygonize produced 618 raw polygons
2026-06-06 00:27:05,688 [INFO] src.seed_resolver: Seed wh-pour-break-01 (Warehouse pour-break cell): status=duplicate_of_auto — IoU 1.000 with auto region #9 (threshold 0.9)
2026-06-06 00:27:05,692 [INFO] src.detector: Polygonize produced 28 raw polygons
2026-06-06 00:27:05,703 [INFO] src.seed_resolver: Seed wh-grid-150mm-01 (150 mm grid offset bay): status=duplicate_of_auto — IoU 1.000 with auto region #617 (threshold 0.9)
2026-06-06 00:27:05,705 [INFO] __main__: 6276.S111-WAREHOUSE SLAB PLAN-Rev_F.dwg: auto=618 seed_recovered=0 total=618
2026-06-06 00:27:05,705 [INFO] src.converter: Using cached DXF: S111_A.dxf
2026-06-06 00:27:06,588 [INFO] src.parser: Loaded DXF: S111_A.dxf (version AC1021)
2026-06-06 00:27:06,589 [INFO] src.extractor: Extracted 0 entities from layers ['WALL', 'S-WALL', 'BEAM']
2026-06-06 00:27:06,590 [INFO] src.extractor: Extracted 1012 entities from layers ['S-FNDN-1', 'S-BEAM-1', 'A-WALL-2', 'S-BEAM-HDLN-1', 'S-FNDN-HDLN-1', 'A-DETL-1']
2026-06-06 00:27:07,355 [WARNING] src.gap_handler: 134 unresolved free endpoints (gap > threshold)
2026-06-06 00:27:07,355 [INFO] src.gap_handler: Gaps closed: 18
2026-06-06 00:27:07,356 [INFO] src.gap_handler: Iterative gap close pass 1: closed=18
2026-06-06 00:27:07,401 [WARNING] src.gap_handler: 1 unresolved free endpoints (gap > threshold)
2026-06-06 00:27:07,401 [INFO] src.gap_handler: Gaps closed: 0
2026-06-06 00:27:07,402 [INFO] src.gap_handler: Iterative gap close pass 2: closed=0
2026-06-06 00:27:07,402 [INFO] src.gap_handler: Iterative gap close total: 18 bridges
2026-06-06 00:27:07,517 [INFO] src.detector: Polygonize produced 387 raw polygons
2026-06-06 00:27:14,646 [INFO] src.detection_coverage: Coverage S111_A.dwg: detected=387 missed=7 at_risk=183 categories={'layer_selection_miss': 1, 'gap_blocked_closure': 70, 'bearing_mismatch_miss': 4, 'unknown_unresolved': 19, 'pairing_conflict_miss': 2, 'unsupported_entity_miss': 94}
2026-06-06 00:27:14,649 [INFO] __main__: S111_A.dwg: auto=387 seed_recovered=0 total=387
2026-06-06 00:27:14,649 [INFO] src.converter: Using cached DXF: S111_J.dxf
2026-06-06 00:27:15,941 [INFO] src.parser: Loaded DXF: S111_J.dxf (version AC1021)
2026-06-06 00:27:15,942 [INFO] src.extractor: Extracted 0 entities from layers ['WALL', 'S-WALL', 'BEAM']
2026-06-06 00:27:15,943 [INFO] src.extractor: Extracted 1486 entities from layers ['A-DETL-THIN', 'S-FNDN-1', 'A-DETL', 'S-BEAM-1', 'A-WALL-3', 'A-DETL-3', 'A-DETL-2', 'A-DETL-1', 'A-FLOR', 'A-DETL-5', 'S-BEAM-HDLN-1']
2026-06-06 00:27:17,468 [WARNING] src.gap_handler: 76 unresolved free endpoints (gap > threshold)
2026-06-06 00:27:17,469 [INFO] src.gap_handler: Gaps closed: 97
2026-06-06 00:27:17,469 [INFO] src.gap_handler: Iterative gap close pass 1: closed=97
2026-06-06 00:27:17,544 [WARNING] src.gap_handler: 13 unresolved free endpoints (gap > threshold)
2026-06-06 00:27:17,545 [INFO] src.gap_handler: Gaps closed: 7
2026-06-06 00:27:17,546 [INFO] src.gap_handler: Iterative gap close pass 2: closed=7
2026-06-06 00:27:17,616 [WARNING] src.gap_handler: 13 unresolved free endpoints (gap > threshold)
2026-06-06 00:27:17,616 [INFO] src.gap_handler: Gaps closed: 0
2026-06-06 00:27:17,617 [INFO] src.gap_handler: Iterative gap close pass 3: closed=0
2026-06-06 00:27:17,617 [INFO] src.gap_handler: Iterative gap close total: 104 bridges
2026-06-06 00:27:17,698 [INFO] src.detector: Polygonize produced 406 raw polygons
2026-06-06 00:27:28,574 [INFO] src.detection_coverage: Coverage S111_J.dwg: detected=406 missed=70 at_risk=264 categories={'layer_selection_miss': 1, 'bearing_mismatch_miss': 44, 'gap_blocked_closure': 60, 'pairing_conflict_miss': 25, 'unknown_unresolved': 13, 'unsupported_entity_miss': 191}
2026-06-06 00:27:28,578 [INFO] src.extractor: Extracted 0 entities from layers ['WALL', 'S-WALL', 'BEAM']
2026-06-06 00:27:28,579 [INFO] src.extractor: Extracted 1486 entities from layers ['A-DETL-THIN', 'S-FNDN-1', 'A-DETL', 'S-BEAM-1', 'A-WALL-3', 'A-DETL-3', 'A-DETL-2', 'A-DETL-1', 'A-FLOR', 'A-DETL-5', 'S-BEAM-HDLN-1']
2026-06-06 00:27:29,403 [WARNING] src.gap_handler: 76 unresolved free endpoints (gap > threshold)
2026-06-06 00:27:29,403 [INFO] src.gap_handler: Gaps closed: 97
2026-06-06 00:27:29,404 [INFO] src.gap_handler: Iterative gap close pass 1: closed=97
2026-06-06 00:27:29,483 [WARNING] src.gap_handler: 13 unresolved free endpoints (gap > threshold)
2026-06-06 00:27:29,483 [INFO] src.gap_handler: Gaps closed: 7
2026-06-06 00:27:29,483 [INFO] src.gap_handler: Iterative gap close pass 2: closed=7
2026-06-06 00:27:29,555 [WARNING] src.gap_handler: 13 unresolved free endpoints (gap > threshold)
2026-06-06 00:27:29,556 [INFO] src.gap_handler: Gaps closed: 0
2026-06-06 00:27:29,556 [INFO] src.gap_handler: Iterative gap close pass 3: closed=0
2026-06-06 00:27:29,556 [INFO] src.gap_handler: Iterative gap close total: 104 bridges
2026-06-06 00:27:29,606 [INFO] src.detector: Polygonize produced 406 raw polygons
2026-06-06 00:27:30,100 [INFO] src.detector: Detected 406 regions after filtering
2026-06-06 00:27:30,158 [INFO] src.detector: Polygonize produced 406 raw polygons
2026-06-06 00:27:30,198 [INFO] src.seed_resolver: Seed j-grid-conflict-01 (Foundation grid orphan cluster): status=no_boundary — No closed face contains seed (125000.000, 95000.000) within search_radius=5000.0
2026-06-06 00:27:30,199 [INFO] __main__: S111_J.dwg: auto=406 seed_recovered=0 total=406
