2026-06-05 23:56:04,227 [INFO] __main__: Analyzing coverage: 6276.S111-WAREHOUSE SLAB PLAN-Rev_F.dwg
2026-06-05 23:56:04,228 [INFO] src.converter: Using cached DXF: 6276.S111-WAREHOUSE SLAB PLAN-Rev_F.dxf
2026-06-05 23:56:04,747 [INFO] src.parser: Loaded DXF: 6276.S111-WAREHOUSE SLAB PLAN-Rev_F.dxf (version AC1021)
2026-06-05 23:56:04,748 [INFO] src.extractor: Extracted 0 entities from layers ['WALL', 'S-WALL', 'BEAM']
2026-06-05 23:56:04,749 [INFO] src.extractor: Extracted 1524 entities from layers ['S-FNDN-1', 'S-BEAM-2', 'A-WALL-1', 'A-DETL-2', 'A-DETL-3', 'A-FLOR', 'A-DETL-1', 'A-WALL']
2026-06-05 23:56:05,913 [WARNING] src.gap_handler: 37 unresolved free endpoints (gap > threshold)
2026-06-05 23:56:05,913 [INFO] src.gap_handler: Gaps closed: 34
2026-06-05 23:56:05,914 [INFO] src.gap_handler: Iterative gap close pass 1: closed=34
2026-06-05 23:56:05,995 [WARNING] src.gap_handler: 9 unresolved free endpoints (gap > threshold)
2026-06-05 23:56:05,996 [INFO] src.gap_handler: Gaps closed: 0
2026-06-05 23:56:05,996 [INFO] src.gap_handler: Iterative gap close pass 2: closed=0
2026-06-05 23:56:06,036 [INFO] src.gap_handler: Iterative gap close total: 34 bridges
2026-06-05 23:56:06,126 [INFO] src.detector: Polygonize produced 618 raw polygons
2026-06-05 23:56:23,197 [INFO] src.detection_coverage: Coverage 6276.S111-WAREHOUSE SLAB PLAN-Rev_F.dwg: detected=618 missed=26 at_risk=111 categories={'layer_selection_miss': 1, 'gap_blocked_closure': 17, 'bearing_mismatch_miss': 25, 'unknown_unresolved': 22, 'unsupported_entity_miss': 72}
2026-06-05 23:56:23,198 [INFO] __main__:   detected=618 missed=26 at_risk=111 open_after=9
2026-06-05 23:56:23,198 [INFO] __main__: Analyzing coverage: S111_A.dwg
2026-06-05 23:56:23,198 [INFO] src.converter: Using cached DXF: S111_A.dxf
2026-06-05 23:56:24,076 [INFO] src.parser: Loaded DXF: S111_A.dxf (version AC1021)
2026-06-05 23:56:24,078 [INFO] src.extractor: Extracted 0 entities from layers ['WALL', 'S-WALL', 'BEAM']
2026-06-05 23:56:24,078 [INFO] src.extractor: Extracted 1012 entities from layers ['S-FNDN-1', 'S-BEAM-1', 'A-WALL-2', 'S-BEAM-HDLN-1', 'S-FNDN-HDLN-1', 'A-DETL-1']
2026-06-05 23:56:24,717 [WARNING] src.gap_handler: 152 unresolved free endpoints (gap > threshold)
2026-06-05 23:56:24,717 [INFO] src.gap_handler: Gaps closed: 9
2026-06-05 23:56:24,717 [INFO] src.gap_handler: Iterative gap close pass 1: closed=9
2026-06-05 23:56:24,765 [WARNING] src.gap_handler: 1 unresolved free endpoints (gap > threshold)
2026-06-05 23:56:24,765 [INFO] src.gap_handler: Gaps closed: 0
2026-06-05 23:56:24,765 [INFO] src.gap_handler: Iterative gap close pass 2: closed=0
2026-06-05 23:56:24,789 [INFO] src.gap_handler: Iterative gap close total: 9 bridges
2026-06-05 23:56:24,844 [INFO] src.detector: Polygonize produced 384 raw polygons
2026-06-05 23:56:32,000 [INFO] src.detection_coverage: Coverage S111_A.dwg: detected=384 missed=7 at_risk=183 categories={'layer_selection_miss': 1, 'gap_blocked_closure': 70, 'bearing_mismatch_miss': 4, 'unknown_unresolved': 19, 'pairing_conflict_miss': 2, 'unsupported_entity_miss': 94}
2026-06-05 23:56:32,001 [INFO] __main__:   detected=384 missed=7 at_risk=183 open_after=1
2026-06-05 23:56:32,001 [INFO] __main__: Analyzing coverage: S111_J.dwg
2026-06-05 23:56:32,001 [INFO] src.converter: Using cached DXF: S111_J.dxf
2026-06-05 23:56:33,305 [INFO] src.parser: Loaded DXF: S111_J.dxf (version AC1021)
2026-06-05 23:56:33,306 [INFO] src.extractor: Extracted 0 entities from layers ['WALL', 'S-WALL', 'BEAM']
2026-06-05 23:56:33,307 [INFO] src.extractor: Extracted 1486 entities from layers ['A-DETL-THIN', 'S-FNDN-1', 'A-DETL', 'S-BEAM-1', 'A-WALL-3', 'A-DETL-3', 'A-DETL-2', 'A-DETL-1', 'A-FLOR', 'A-DETL-5', 'S-BEAM-HDLN-1']
2026-06-05 23:56:34,777 [WARNING] src.gap_handler: 98 unresolved free endpoints (gap > threshold)
2026-06-05 23:56:34,777 [INFO] src.gap_handler: Gaps closed: 86
2026-06-05 23:56:34,778 [INFO] src.gap_handler: Iterative gap close pass 1: closed=86
2026-06-05 23:56:34,852 [WARNING] src.gap_handler: 13 unresolved free endpoints (gap > threshold)
2026-06-05 23:56:34,852 [INFO] src.gap_handler: Gaps closed: 7
2026-06-05 23:56:34,853 [INFO] src.gap_handler: Iterative gap close pass 2: closed=7
2026-06-05 23:56:34,928 [WARNING] src.gap_handler: 13 unresolved free endpoints (gap > threshold)
2026-06-05 23:56:34,928 [INFO] src.gap_handler: Gaps closed: 0
2026-06-05 23:56:34,929 [INFO] src.gap_handler: Iterative gap close pass 3: closed=0
2026-06-05 23:56:34,970 [INFO] src.gap_handler: Iterative gap close total: 93 bridges
2026-06-05 23:56:35,055 [INFO] src.detector: Polygonize produced 399 raw polygons
2026-06-05 23:56:45,577 [INFO] src.detection_coverage: Coverage S111_J.dwg: detected=399 missed=70 at_risk=264 categories={'layer_selection_miss': 1, 'bearing_mismatch_miss': 44, 'gap_blocked_closure': 60, 'pairing_conflict_miss': 25, 'unknown_unresolved': 13, 'unsupported_entity_miss': 191}
2026-06-05 23:56:45,578 [INFO] __main__:   detected=399 missed=70 at_risk=264 open_after=13
