2026-06-02 11:23:05,657 [INFO] __main__: DXF CAD Room Detector v1.0.0
2026-06-02 11:23:06,550 [INFO] src.parser: Loaded DXF: 6276.S111-WAREHOUSE SLAB PLAN-Rev_F.dxf (version AC1021)
2026-06-02 11:23:06,553 [INFO] src.extractor: Extracted 0 entities from layers ['WALL', 'S-WALL', 'BEAM']
2026-06-02 11:23:06,554 [INFO] src.extractor: Extracted 1524 entities from layers ['S-FNDN-1', 'S-BEAM-2', 'A-WALL-1', 'A-DETL-2', 'A-DETL-3', 'A-FLOR', 'A-DETL-1', 'A-WALL']
2026-06-02 11:23:06,555 [INFO] src.extractor: Extracted 1524 entities from layers ['S-FNDN-1', 'S-BEAM-2', 'A-WALL-1', 'A-DETL-2', 'A-DETL-3', 'A-FLOR', 'A-DETL-1', 'A-WALL']
2026-06-02 11:23:06,573 [INFO] src.extractor: Built 1524 segments (0 entities skipped)
2026-06-02 11:23:07,120 [WARNING] src.gap_handler: 31 unresolved free endpoints (gap > threshold)
2026-06-02 11:23:07,121 [INFO] src.gap_handler: Gaps closed: 37
2026-06-02 11:23:07,196 [INFO] src.detector: Polygonize produced 618 raw polygons
2026-06-02 11:23:08,343 [INFO] src.detector: Detected 618 regions after filtering
2026-06-02 11:23:08,364 [INFO] src.zone_engine.grid_frame: Extracted 27 grid line segments from ['S-GRID-1', 'S-GRID-IDEN', 'S-GRID-2']
2026-06-02 11:23:08,367 [INFO] src.extractor: Extracted 741 entities from layers ['S-FNDN-1']
2026-06-02 11:23:08,396 [INFO] src.extractor: Built 741 segments (0 entities skipped)
2026-06-02 11:23:08,571 [WARNING] src.gap_handler: 52 unresolved free endpoints (gap > threshold)
2026-06-02 11:23:08,571 [INFO] src.gap_handler: Gaps closed: 156
2026-06-02 11:23:08,593 [INFO] src.detector: Polygonize produced 33 raw polygons
2026-06-02 11:23:08,635 [INFO] src.zone_engine.slab_outline: Slab outline from S-FNDN-1 concave_hull (ratio=0.20, 11065.6 m²)
2026-06-02 11:23:08,645 [INFO] src.zone_engine.bay_geometry: Grid geometry: 24 bays, 24 non-empty after clip, slab method=concave_hull
2026-06-02 11:23:08,788 [INFO] src.zone_engine.face_assigner: Face assignment: 247 assigned, 0 orphans, 369 slivers (method=max_intersection_area)
2026-06-02 11:23:08,815 [INFO] src.zone_engine.zone_aggregator: Aggregated 24 INT zones from 247 face assignments
2026-06-02 11:23:08,873 [INFO] src.calculator: Computed 618 regions - total area 10091.19 m2, total volume 1513.68 m3
2026-06-02 11:23:09,644 [INFO] src.exporter: Exported annotated DXF: C:\Users\Administrator\OneDrive\Desktop\Strtup\output\6276.S111-WAREHOUSE SLAB PLAN-Rev_F_annotated.dxf
2026-06-02 11:23:10,185 [INFO] src.exporter: Exported Excel: C:\Users\Administrator\OneDrive\Desktop\Strtup\output\6276.S111-WAREHOUSE SLAB PLAN-Rev_F_results.xlsx
2026-06-02 11:23:10,216 [INFO] src.zone_engine.int_schedule_export: Exported INT schedule Excel: C:\Users\Administrator\OneDrive\Desktop\Strtup\output\6276.S111-WAREHOUSE SLAB PLAN-Rev_F_int_schedule.xlsx
2026-06-02 11:23:10,894 [INFO] src.zone_engine.int_schedule_export: Exported INT zones DXF: C:\Users\Administrator\OneDrive\Desktop\Strtup\output\6276.S111-WAREHOUSE SLAB PLAN-Rev_F_int_zones.dxf
2026-06-02 11:23:10,896 [ERROR] __main__: Failed processing C:\Users\Administrator\OneDrive\Desktop\Strtup\output\.dxf_cache\6276.S111-WAREHOUSE SLAB PLAN-Rev_F.dxf: 'charmap' codec can't encode character '\u2260' in position 33: character maps to <undefined>
Traceback (most recent call last):
  File "C:\Users\Administrator\OneDrive\Desktop\Strtup\main.py", line 403, in main
    code = process_file(
        cad_file,
    ...<6 lines>...
        manifest_path=manifest_path,
    )
  File "C:\Users\Administrator\OneDrive\Desktop\Strtup\main.py", line 143, in process_file
    return process_file_zones(
        cad_path,
    ...<5 lines>...
        auto_fallback=auto_fallback,
    )
  File "C:\Users\Administrator\OneDrive\Desktop\Strtup\src\zone_engine\zone_mode.py", line 133, in process_file_zones
    print(f"  [{gate.status}] {gate.name}: {gate.detail}")
    ~~~~~^^^^^^^^^^^^^^^^^^^^^^^^^^^^^^^^^^^^^^^^^^^^^^^^^
  File "C:\Users\Administrator\AppData\Roaming\uv\python\cpython-3.14-windows-x86_64-none\Lib\encodings\cp1252.py", line 19, in encode
    return codecs.charmap_encode(input,self.errors,encoding_table)[0]
           ~~~~~~~~~~~~~~~~~~~~~^^^^^^^^^^^^^^^^^^^^^^^^^^^^^^^^^^
UnicodeEncodeError: 'charmap' codec can't encode character '\u2260' in position 33: character maps to <undefined>
