2026-06-02 12:12:25,192 [INFO] __main__: DXF CAD Room Detector v1.0.0
2026-06-02 12:12:26,634 [INFO] src.parser: Loaded DXF: S111_J.dxf (version AC1021)
2026-06-02 12:12:26,636 [INFO] src.extractor: Extracted 0 entities from layers ['WALL', 'S-WALL', 'BEAM']
2026-06-02 12:12:26,637 [INFO] src.extractor: Extracted 1486 entities from layers ['A-DETL-THIN', 'S-FNDN-1', 'A-DETL', 'S-BEAM-1', 'A-WALL-3', 'A-DETL-3', 'A-DETL-2', 'A-DETL-1', 'A-FLOR', 'A-DETL-5', 'S-BEAM-HDLN-1']
2026-06-02 12:12:26,638 [INFO] src.extractor: Extracted 1486 entities from layers ['A-DETL-THIN', 'S-FNDN-1', 'A-DETL', 'S-BEAM-1', 'A-WALL-3', 'A-DETL-3', 'A-DETL-2', 'A-DETL-1', 'A-FLOR', 'A-DETL-5', 'S-BEAM-HDLN-1']
2026-06-02 12:12:26,652 [INFO] src.extractor: Built 1486 segments (0 entities skipped)
2026-06-02 12:12:27,147 [WARNING] src.gap_handler: 50 unresolved free endpoints (gap > threshold)
2026-06-02 12:12:27,147 [INFO] src.gap_handler: Gaps closed: 110
2026-06-02 12:12:27,198 [INFO] src.detector: Polygonize produced 331 raw polygons
2026-06-02 12:12:27,550 [INFO] src.detector: Detected 331 regions after filtering
2026-06-02 12:12:27,562 [INFO] src.zone_engine.grid_frame: Extracted 13 grid line segments from ['S-GRID-1', 'S-GRID-IDEN']
2026-06-02 12:12:27,564 [INFO] src.extractor: Extracted 310 entities from layers ['S-FNDN-1']
2026-06-02 12:12:27,567 [INFO] src.extractor: Built 310 segments (0 entities skipped)
2026-06-02 12:12:27,610 [WARNING] src.gap_handler: 24 unresolved free endpoints (gap > threshold)
2026-06-02 12:12:27,610 [INFO] src.gap_handler: Gaps closed: 89
2026-06-02 12:12:27,621 [INFO] src.detector: Polygonize produced 5 raw polygons
2026-06-02 12:12:27,633 [INFO] src.zone_engine.slab_outline: Slab outline from S-FNDN-1 concave_hull (ratio=0.20, 5534.0 m²)
2026-06-02 12:12:27,638 [INFO] src.zone_engine.bay_geometry: Grid geometry: 18 bays, 17 non-empty after clip, slab method=concave_hull
2026-06-02 12:12:27,684 [INFO] src.zone_engine.face_assigner: Face assignment: 94 assigned, 0 orphans, 228 slivers (method=max_intersection_area)
2026-06-02 12:12:27,699 [INFO] src.zone_engine.zone_aggregator: Aggregated 17 INT zones from 94 face assignments
2026-06-02 12:12:27,737 [INFO] src.calculator: Computed 331 regions - total area 5320.03 m2, total volume 798.00 m3
2026-06-02 12:12:29,202 [INFO] src.exporter: Exported annotated DXF: C:\Users\Administrator\OneDrive\Desktop\Strtup\output\S111_J_annotated.dxf
2026-06-02 12:12:29,472 [INFO] src.exporter: Exported Excel: C:\Users\Administrator\OneDrive\Desktop\Strtup\output\S111_J_results.xlsx
2026-06-02 12:12:29,489 [INFO] src.zone_engine.int_schedule_export: Exported INT schedule Excel: C:\Users\Administrator\OneDrive\Desktop\Strtup\output\S111_J_int_schedule.xlsx
2026-06-02 12:12:30,971 [INFO] src.zone_engine.int_schedule_export: Exported INT zones DXF: C:\Users\Administrator\OneDrive\Desktop\Strtup\output\S111_J_int_zones.dxf
