2026-06-02 12:19:03,184 [INFO] __main__: DXF CAD Room Detector v1.0.0
2026-06-02 12:19:05,976 [INFO] src.parser: Loaded DXF: S111_A.dxf (version AC1021)
2026-06-02 12:19:05,979 [INFO] src.extractor: Extracted 0 entities from layers ['WALL', 'S-WALL', 'BEAM']
2026-06-02 12:19:05,981 [INFO] src.extractor: Extracted 1012 entities from layers ['S-FNDN-1', 'S-BEAM-1', 'A-WALL-2', 'S-BEAM-HDLN-1', 'S-FNDN-HDLN-1', 'A-DETL-1']
2026-06-02 12:19:05,983 [INFO] src.extractor: Extracted 1012 entities from layers ['S-FNDN-1', 'S-BEAM-1', 'A-WALL-2', 'S-BEAM-HDLN-1', 'S-FNDN-HDLN-1', 'A-DETL-1']
2026-06-02 12:19:06,010 [INFO] src.extractor: Built 1012 segments (0 entities skipped)
2026-06-02 12:19:06,594 [WARNING] src.gap_handler: 20 unresolved free endpoints (gap > threshold)
2026-06-02 12:19:06,595 [INFO] src.gap_handler: Gaps closed: 75
2026-06-02 12:19:06,676 [INFO] src.detector: Polygonize produced 397 raw polygons
2026-06-02 12:19:07,837 [INFO] src.detector: Detected 397 regions after filtering
2026-06-02 12:19:07,872 [INFO] src.zone_engine.grid_frame: Extracted 29 grid line segments from ['S-GRID-1', 'S-GRID-IDEN']
2026-06-02 12:19:07,878 [INFO] src.extractor: Extracted 382 entities from layers ['S-FNDN-1']
2026-06-02 12:19:07,885 [INFO] src.extractor: Built 382 segments (0 entities skipped)
2026-06-02 12:19:08,010 [WARNING] src.gap_handler: 28 unresolved free endpoints (gap > threshold)
2026-06-02 12:19:08,010 [INFO] src.gap_handler: Gaps closed: 105
2026-06-02 12:19:08,040 [INFO] src.detector: Polygonize produced 2 raw polygons
2026-06-02 12:19:08,078 [INFO] src.zone_engine.slab_outline: Slab outline from S-FNDN-1 concave_hull (ratio=0.20, 2838.9 m²)
2026-06-02 12:19:08,106 [INFO] src.zone_engine.bay_geometry: Grid geometry: 24 bays, 24 non-empty after clip, slab method=concave_hull
2026-06-02 12:19:08,384 [INFO] src.zone_engine.face_assigner: Face assignment: 170 assigned, 0 orphans, 190 slivers (method=max_intersection_area)
2026-06-02 12:19:08,424 [INFO] src.zone_engine.zone_aggregator: Aggregated 24 INT zones from 170 face assignments
2026-06-02 12:19:08,542 [INFO] src.calculator: Computed 397 regions - total area 16348.58 m2, total volume 2452.29 m3
2026-06-02 12:19:10,543 [INFO] src.exporter: Exported annotated DXF: C:\Users\Administrator\OneDrive\Desktop\Strtup\output\S111_A_annotated.dxf
2026-06-02 12:19:10,987 [INFO] src.exporter: Exported Excel: C:\Users\Administrator\OneDrive\Desktop\Strtup\output\S111_A_results.xlsx
2026-06-02 12:19:11,019 [INFO] src.zone_engine.int_schedule_export: Exported INT schedule Excel: C:\Users\Administrator\OneDrive\Desktop\Strtup\output\S111_A_int_schedule.xlsx
2026-06-02 12:19:12,008 [INFO] src.zone_engine.int_schedule_export: Exported INT zones DXF: C:\Users\Administrator\OneDrive\Desktop\Strtup\output\S111_A_int_zones.dxf
