2026-06-01 11:51:34,903 [INFO] __main__: DXF CAD Room Detector v1.0.0
2026-06-01 11:51:34,927 [INFO] src.parser: Loaded DXF: room.dxf (version AC1027)
2026-06-01 11:51:34,927 [INFO] src.extractor: Extracted 4 entities from layers ['WALL', 'S-WALL', 'BEAM']
2026-06-01 11:51:34,927 [INFO] src.extractor: Built 4 segments (0 entities skipped)
2026-06-01 11:51:34,928 [INFO] src.gap_handler: Gaps closed: 0
2026-06-01 11:51:34,928 [INFO] src.detector: Polygonize produced 1 raw polygons
2026-06-01 11:51:34,928 [INFO] src.detector: Detected 1 regions after filtering
2026-06-01 11:51:34,929 [INFO] src.calculator: Computed 1 regions — total area 100.00 m², total volume 15.00 m³
2026-06-01 11:51:34,935 [INFO] src.exporter: Exported annotated DXF: C:\Users\Administrator\OneDrive\Desktop\Strtup\output\room_annotated.dxf
2026-06-01 11:51:35,156 [INFO] src.exporter: Exported Excel: C:\Users\Administrator\OneDrive\Desktop\Strtup\output\room_results.xlsx
2026-06-01 11:51:35,156 [ERROR] __main__: Failed processing C:\Users\Administrator\AppData\Local\Temp\pytest-of-Administrator\pytest-0\test_main_pipeline_on_sample_d0\room.dxf: 'charmap' codec can't encode characters in position 0-28: character maps to <undefined>
Traceback (most recent call last):
  File "C:\Users\Administrator\OneDrive\Desktop\Strtup\main.py", line 227, in main
    code = process_file(dxf_file, config, PROJECT_ROOT)
  File "C:\Users\Administrator\OneDrive\Desktop\Strtup\main.py", line 139, in process_file
    print("─────────────────────────────")
    ~~~~~^^^^^^^^^^^^^^^^^^^^^^^^^^^^^^^^^
  File "C:\Users\Administrator\AppData\Roaming\uv\python\cpython-3.14-windows-x86_64-none\Lib\encodings\cp1252.py", line 19, in encode
    return codecs.charmap_encode(input,self.errors,encoding_table)[0]
           ~~~~~~~~~~~~~~~~~~~~~^^^^^^^^^^^^^^^^^^^^^^^^^^^^^^^^^^
UnicodeEncodeError: 'charmap' codec can't encode characters in position 0-28: character maps to <undefined>
