2026-06-06 11:30:15,866 [INFO] __main__: DXF CAD Room Detector v1.0.0
2026-06-06 11:30:17,548 [INFO] src.parser: Loaded DXF: S111_J.dxf (version AC1021)
2026-06-06 11:30:17,550 [INFO] src.extractor: Extracted 0 entities from layers ['WALL', 'S-WALL', 'BEAM']
2026-06-06 11:30:17,551 [INFO] src.extractor: Extracted 1486 entities from layers ['A-DETL-THIN', 'S-FNDN-1', 'A-DETL', 'S-BEAM-1', 'A-WALL-3', 'A-DETL-3', 'A-DETL-2', 'A-DETL-1', 'A-FLOR', 'A-DETL-5', 'S-BEAM-HDLN-1']
2026-06-06 11:30:17,551 [INFO] src.extractor: Extracted 1486 entities from layers ['A-DETL-THIN', 'S-FNDN-1', 'A-DETL', 'S-BEAM-1', 'A-WALL-3', 'A-DETL-3', 'A-DETL-2', 'A-DETL-1', 'A-FLOR', 'A-DETL-5', 'S-BEAM-HDLN-1']
2026-06-06 11:30:17,595 [INFO] src.extractor: Built 1486 segments (0 entities skipped)
2026-06-06 11:30:18,266 [WARNING] src.gap_handler: 98 unresolved free endpoints (gap > threshold)
2026-06-06 11:30:18,266 [INFO] src.gap_handler: Gaps closed: 86
2026-06-06 11:30:18,317 [INFO] src.detector: Polygonize produced 392 raw polygons
2026-06-06 11:30:18,767 [INFO] src.detector: Detected 392 regions after filtering
2026-06-06 11:30:18,781 [INFO] src.zone_engine.grid_frame: Extracted 13 grid line segments from ['S-GRID-1', 'S-GRID-IDEN']
2026-06-06 11:30:18,783 [INFO] src.extractor: Extracted 310 entities from layers ['S-FNDN-1']
2026-06-06 11:30:18,786 [INFO] src.extractor: Built 310 segments (0 entities skipped)
2026-06-06 11:30:18,864 [WARNING] src.gap_handler: 24 unresolved free endpoints (gap > threshold)
2026-06-06 11:30:18,864 [INFO] src.gap_handler: Gaps closed: 89
2026-06-06 11:30:18,864 [INFO] src.gap_handler: Iterative gap close pass 1: closed=89
2026-06-06 11:30:18,921 [WARNING] src.gap_handler: 24 unresolved free endpoints (gap > threshold)
2026-06-06 11:30:18,921 [INFO] src.gap_handler: Gaps closed: 0
2026-06-06 11:30:18,921 [INFO] src.gap_handler: Iterative gap close pass 2: closed=0
2026-06-06 11:30:18,921 [INFO] src.gap_handler: Iterative gap close total: 89 bridges
2026-06-06 11:30:18,930 [INFO] src.detector: Polygonize produced 43 raw polygons
2026-06-06 11:30:18,941 [INFO] src.zone_engine.slab_outline: Slab outline from S-FNDN-1 concave_hull (ratio=0.20, 5534.0 m²)
2026-06-06 11:30:18,946 [INFO] src.zone_engine.bay_geometry: Grid geometry: 18 bays, 17 non-empty after clip, slab method=concave_hull
2026-06-06 11:30:18,989 [INFO] src.zone_engine.face_assigner: Face assignment: 94 assigned, 0 orphans, 289 slivers (method=max_intersection_area)
2026-06-06 11:30:19,002 [INFO] src.zone_engine.zone_aggregator: Aggregated 17 INT zones from 94 face assignments
2026-06-06 11:30:19,039 [INFO] src.calculator: Computed 392 regions - total area 5320.04 m2, total volume 798.00 m3
2026-06-06 11:30:20,560 [INFO] src.exporter: Exported annotated DXF: C:\Users\Administrator\OneDrive\Desktop\Strtup\output\S111_J_annotated.dxf
2026-06-06 11:30:20,947 [INFO] src.exporter: Exported Excel: C:\Users\Administrator\OneDrive\Desktop\Strtup\output\S111_J_results.xlsx
2026-06-06 11:30:20,972 [INFO] src.zone_engine.int_schedule_export: Exported INT schedule Excel: C:\Users\Administrator\OneDrive\Desktop\Strtup\output\S111_J_int_schedule.xlsx
2026-06-06 11:30:22,435 [INFO] src.zone_engine.int_schedule_export: Exported INT zones DXF: C:\Users\Administrator\OneDrive\Desktop\Strtup\output\S111_J_int_zones.dxf
