2026-06-01 12:49:01,444 [INFO] __main__: DXF CAD Room Detector v1.0.0
2026-06-01 12:49:01,446 [INFO] __main__: Converting DWG to DXF: 6276.S111-WAREHOUSE SLAB PLAN-Rev_F.dwg
2026-06-01 12:49:01,446 [INFO] src.converter: Using cached DXF: 6276.S111-WAREHOUSE SLAB PLAN-Rev_F.dxf
2026-06-01 12:49:01,989 [INFO] src.parser: Loaded DXF: 6276.S111-WAREHOUSE SLAB PLAN-Rev_F.dxf (version AC1021)
2026-06-01 12:49:01,992 [INFO] src.extractor: Extracted 0 entities from layers ['WALL', 'S-WALL', 'BEAM']
2026-06-01 12:49:01,993 [INFO] src.extractor: Extracted 1524 entities from layers ['S-FNDN-1', 'S-BEAM-2', 'A-WALL-1', 'A-DETL-2', 'A-DETL-3', 'A-FLOR', 'A-DETL-1', 'A-WALL']
2026-06-01 12:49:01,993 [WARNING] __main__: No entities on configured wall_layers for 6276.S111-WAREHOUSE SLAB PLAN-Rev_F.dwg — using auto-discovered layers
2026-06-01 12:49:01,993 [INFO] __main__: Auto-fallback layers (1524 entities): S-FNDN-1, S-BEAM-2, A-WALL-1, A-DETL-2, A-DETL-3, A-FLOR, A-DETL-1, A-WALL
2026-06-01 12:49:01,994 [INFO] src.extractor: Extracted 1524 entities from layers ['S-FNDN-1', 'S-BEAM-2', 'A-WALL-1', 'A-DETL-2', 'A-DETL-3', 'A-FLOR', 'A-DETL-1', 'A-WALL']
2026-06-01 12:49:02,008 [INFO] src.extractor: Built 1524 segments (0 entities skipped)
2026-06-01 12:49:02,493 [WARNING] src.gap_handler: 31 unresolved free endpoints (gap > threshold)
2026-06-01 12:49:02,494 [INFO] src.gap_handler: Gaps closed: 37
2026-06-01 12:49:02,551 [INFO] src.detector: Polygonize produced 618 raw polygons
2026-06-01 12:49:03,612 [INFO] src.detector: Detected 618 regions after filtering
2026-06-01 12:49:03,667 [INFO] src.calculator: Computed 618 regions - total area 10091.19 m2, total volume 1513.68 m3
2026-06-01 12:49:04,394 [INFO] src.exporter: Exported annotated DXF: C:\Users\Administrator\OneDrive\Desktop\Strtup\output\6276.S111-WAREHOUSE SLAB PLAN-Rev_F_annotated.dxf
2026-06-01 12:49:04,679 [INFO] src.exporter: Exported Excel: C:\Users\Administrator\OneDrive\Desktop\Strtup\output\6276.S111-WAREHOUSE SLAB PLAN-Rev_F_results.xlsx
2026-06-01 12:49:04,680 [INFO] __main__: Converting DWG to DXF: S111_A.dwg
2026-06-01 12:49:04,680 [INFO] src.converter: Using cached DXF: S111_A.dxf
2026-06-01 12:49:05,611 [INFO] src.parser: Loaded DXF: S111_A.dxf (version AC1021)
2026-06-01 12:49:05,612 [INFO] src.extractor: Extracted 0 entities from layers ['WALL', 'S-WALL', 'BEAM']
2026-06-01 12:49:05,614 [INFO] src.extractor: Extracted 1012 entities from layers ['S-FNDN-1', 'S-BEAM-1', 'A-WALL-2', 'S-BEAM-HDLN-1', 'S-FNDN-HDLN-1', 'A-DETL-1']
2026-06-01 12:49:05,614 [WARNING] __main__: No entities on configured wall_layers for S111_A.dwg — using auto-discovered layers
2026-06-01 12:49:05,614 [INFO] __main__: Auto-fallback layers (1012 entities): S-FNDN-1, S-BEAM-1, A-WALL-2, S-BEAM-HDLN-1, S-FNDN-HDLN-1, A-DETL-1
2026-06-01 12:49:05,615 [INFO] src.extractor: Extracted 1012 entities from layers ['S-FNDN-1', 'S-BEAM-1', 'A-WALL-2', 'S-BEAM-HDLN-1', 'S-FNDN-HDLN-1', 'A-DETL-1']
2026-06-01 12:49:05,624 [INFO] src.extractor: Built 1012 segments (0 entities skipped)
2026-06-01 12:49:05,860 [WARNING] src.gap_handler: 20 unresolved free endpoints (gap > threshold)
2026-06-01 12:49:05,860 [INFO] src.gap_handler: Gaps closed: 75
2026-06-01 12:49:05,897 [INFO] src.detector: Polygonize produced 397 raw polygons
2026-06-01 12:49:06,412 [INFO] src.detector: Detected 397 regions after filtering
2026-06-01 12:49:06,449 [INFO] src.calculator: Computed 397 regions - total area 16348.58 m2, total volume 2452.29 m3
2026-06-01 12:49:07,467 [INFO] src.exporter: Exported annotated DXF: C:\Users\Administrator\OneDrive\Desktop\Strtup\output\S111_A_annotated.dxf
2026-06-01 12:49:07,549 [INFO] src.exporter: Exported Excel: C:\Users\Administrator\OneDrive\Desktop\Strtup\output\S111_A_results.xlsx
2026-06-01 12:49:07,550 [INFO] __main__: Converting DWG to DXF: S111_J.dwg
2026-06-01 12:49:07,551 [INFO] src.converter: Using cached DXF: S111_J.dxf
2026-06-01 12:49:09,010 [INFO] src.parser: Loaded DXF: S111_J.dxf (version AC1021)
2026-06-01 12:49:09,012 [INFO] src.extractor: Extracted 0 entities from layers ['WALL', 'S-WALL', 'BEAM']
2026-06-01 12:49:09,014 [INFO] src.extractor: Extracted 1486 entities from layers ['A-DETL-THIN', 'S-FNDN-1', 'A-DETL', 'S-BEAM-1', 'A-WALL-3', 'A-DETL-3', 'A-DETL-2', 'A-DETL-1', 'A-FLOR', 'A-DETL-5', 'S-BEAM-HDLN-1']
2026-06-01 12:49:09,014 [WARNING] __main__: No entities on configured wall_layers for S111_J.dwg — using auto-discovered layers
2026-06-01 12:49:09,014 [INFO] __main__: Auto-fallback layers (1486 entities): A-DETL-THIN, S-FNDN-1, A-DETL, S-BEAM-1, A-WALL-3, A-DETL-3, A-DETL-2, A-DETL-1, A-FLOR, A-DETL-5, S-BEAM-HDLN-1
2026-06-01 12:49:09,015 [INFO] src.extractor: Extracted 1486 entities from layers ['A-DETL-THIN', 'S-FNDN-1', 'A-DETL', 'S-BEAM-1', 'A-WALL-3', 'A-DETL-3', 'A-DETL-2', 'A-DETL-1', 'A-FLOR', 'A-DETL-5', 'S-BEAM-HDLN-1']
2026-06-01 12:49:09,029 [INFO] src.extractor: Built 1486 segments (0 entities skipped)
2026-06-01 12:49:09,587 [WARNING] src.gap_handler: 50 unresolved free endpoints (gap > threshold)
2026-06-01 12:49:09,587 [INFO] src.gap_handler: Gaps closed: 110
2026-06-01 12:49:09,635 [INFO] src.detector: Polygonize produced 331 raw polygons
2026-06-01 12:49:09,997 [INFO] src.detector: Detected 331 regions after filtering
2026-06-01 12:49:10,028 [INFO] src.calculator: Computed 331 regions - total area 5320.03 m2, total volume 798.00 m3
2026-06-01 12:49:11,499 [INFO] src.exporter: Exported annotated DXF: C:\Users\Administrator\OneDrive\Desktop\Strtup\output\S111_J_annotated.dxf
2026-06-01 12:49:11,569 [INFO] src.exporter: Exported Excel: C:\Users\Administrator\OneDrive\Desktop\Strtup\output\S111_J_results.xlsx
