2026-06-06 11:30:27,778 [INFO] __main__: DXF CAD Room Detector v1.0.0
2026-06-06 11:30:28,619 [INFO] src.parser: Loaded DXF: 6276.S111-WAREHOUSE SLAB PLAN-Rev_F.dxf (version AC1021)
2026-06-06 11:30:28,621 [INFO] src.extractor: Extracted 0 entities from layers ['WALL', 'S-WALL', 'BEAM']
2026-06-06 11:30:28,622 [INFO] src.extractor: Extracted 1524 entities from layers ['S-FNDN-1', 'S-BEAM-2', 'A-WALL-1', 'A-DETL-2', 'A-DETL-3', 'A-FLOR', 'A-DETL-1', 'A-WALL']
2026-06-06 11:30:28,622 [INFO] src.extractor: Extracted 1524 entities from layers ['S-FNDN-1', 'S-BEAM-2', 'A-WALL-1', 'A-DETL-2', 'A-DETL-3', 'A-FLOR', 'A-DETL-1', 'A-WALL']
2026-06-06 11:30:28,648 [INFO] src.extractor: Built 1524 segments (0 entities skipped)
2026-06-06 11:30:29,202 [WARNING] src.gap_handler: 37 unresolved free endpoints (gap > threshold)
2026-06-06 11:30:29,202 [INFO] src.gap_handler: Gaps closed: 34
2026-06-06 11:30:29,252 [INFO] src.detector: Polygonize produced 618 raw polygons
2026-06-06 11:30:30,338 [INFO] src.detector: Detected 618 regions after filtering
2026-06-06 11:30:30,356 [INFO] src.zone_engine.grid_frame: Extracted 27 grid line segments from ['S-GRID-1', 'S-GRID-IDEN', 'S-GRID-2']
2026-06-06 11:30:30,358 [INFO] src.extractor: Extracted 741 entities from layers ['S-FNDN-1']
2026-06-06 11:30:30,366 [INFO] src.extractor: Built 741 segments (0 entities skipped)
2026-06-06 11:30:30,696 [WARNING] src.gap_handler: 52 unresolved free endpoints (gap > threshold)
2026-06-06 11:30:30,696 [INFO] src.gap_handler: Gaps closed: 156
2026-06-06 11:30:30,697 [INFO] src.gap_handler: Iterative gap close pass 1: closed=156
2026-06-06 11:30:30,916 [WARNING] src.gap_handler: 52 unresolved free endpoints (gap > threshold)
2026-06-06 11:30:30,917 [INFO] src.gap_handler: Gaps closed: 0
2026-06-06 11:30:30,917 [INFO] src.gap_handler: Iterative gap close pass 2: closed=0
2026-06-06 11:30:30,917 [INFO] src.gap_handler: Iterative gap close total: 156 bridges
2026-06-06 11:30:30,941 [INFO] src.detector: Polygonize produced 112 raw polygons
2026-06-06 11:30:30,973 [INFO] src.zone_engine.slab_outline: Slab outline from S-FNDN-1 concave_hull (ratio=0.20, 11065.6 m²)
2026-06-06 11:30:30,980 [INFO] src.zone_engine.bay_geometry: Grid geometry: 24 bays, 24 non-empty after clip, slab method=concave_hull
2026-06-06 11:30:31,107 [INFO] src.zone_engine.face_assigner: Face assignment: 247 assigned, 0 orphans, 369 slivers (method=max_intersection_area)
2026-06-06 11:30:31,135 [INFO] src.zone_engine.zone_aggregator: Aggregated 24 INT zones from 247 face assignments
2026-06-06 11:30:31,195 [INFO] src.calculator: Computed 618 regions - total area 10091.19 m2, total volume 1513.68 m3
2026-06-06 11:30:31,911 [INFO] src.exporter: Exported annotated DXF: C:\Users\Administrator\OneDrive\Desktop\Strtup\output\6276.S111-WAREHOUSE SLAB PLAN-Rev_F_annotated.dxf
2026-06-06 11:30:32,221 [INFO] src.exporter: Exported Excel: C:\Users\Administrator\OneDrive\Desktop\Strtup\output\6276.S111-WAREHOUSE SLAB PLAN-Rev_F_results.xlsx
2026-06-06 11:30:32,248 [INFO] src.zone_engine.int_schedule_export: Exported INT schedule Excel: C:\Users\Administrator\OneDrive\Desktop\Strtup\output\6276.S111-WAREHOUSE SLAB PLAN-Rev_F_int_schedule.xlsx
2026-06-06 11:30:32,911 [INFO] src.zone_engine.int_schedule_export: Exported INT zones DXF: C:\Users\Administrator\OneDrive\Desktop\Strtup\output\6276.S111-WAREHOUSE SLAB PLAN-Rev_F_int_zones.dxf
